646  [main] INFO  util.ResourceLoader -- reading resources from location: 
692  [main] ERROR util.JsonUtil -- unable to read test data file 
com.fasterxml.jackson.core.JsonParseException: Unrecognized token 'tests': was expecting (JSON String, Number, Array, Object or token 'null', 'true' or 'false')
 at [Source: REDACTED (`StreamReadFeature.INCLUDE_SOURCE_IN_LOCATION` disabled); line: 1, column: 7]
	at com.fasterxml.jackson.core.JsonParser._constructError(JsonParser.java:2584)
	at com.fasterxml.jackson.core.JsonParser._constructReadException(JsonParser.java:2610)
	at com.fasterxml.jackson.core.JsonParser._constructReadException(JsonParser.java:2618)
	at com.fasterxml.jackson.core.base.ParserMinimalBase._reportError(ParserMinimalBase.java:825)
	at com.fasterxml.jackson.core.json.UTF8StreamJsonParser._reportInvalidToken(UTF8StreamJsonParser.java:3662)
	at com.fasterxml.jackson.core.json.UTF8StreamJsonParser._reportInvalidToken(UTF8StreamJsonParser.java:3635)
	at com.fasterxml.jackson.core.json.UTF8StreamJsonParser._matchToken2(UTF8StreamJsonParser.java:2976)
	at com.fasterxml.jackson.core.json.UTF8StreamJsonParser._matchTrue(UTF8StreamJsonParser.java:2910)
	at com.fasterxml.jackson.core.json.UTF8StreamJsonParser._nextTokenNotInObject(UTF8StreamJsonParser.java:838)
	at com.fasterxml.jackson.core.json.UTF8StreamJsonParser.nextToken(UTF8StreamJsonParser.java:753)
	at com.fasterxml.jackson.databind.ObjectMapper._initForReading(ObjectMapper.java:5004)
	at com.fasterxml.jackson.databind.ObjectMapper._readMapAndClose(ObjectMapper.java:4910)
	at com.fasterxml.jackson.databind.ObjectMapper.readValue(ObjectMapper.java:3897)
	at util.JsonUtil.getTestdata(JsonUtil.java:19)
	at util.demo.main(demo.java:18)
468  [main] INFO  util.ResourceLoader -- reading resources from location: 
513  [main] ERROR util.JsonUtil -- unable to read test data file 
com.fasterxml.jackson.core.JsonParseException: Unrecognized token 'tests': was expecting (JSON String, Number, Array, Object or token 'null', 'true' or 'false')
 at [Source: REDACTED (`StreamReadFeature.INCLUDE_SOURCE_IN_LOCATION` disabled); line: 1, column: 7]
	at com.fasterxml.jackson.core.JsonParser._constructError(JsonParser.java:2584)
	at com.fasterxml.jackson.core.JsonParser._constructReadException(JsonParser.java:2610)
	at com.fasterxml.jackson.core.JsonParser._constructReadException(JsonParser.java:2618)
	at com.fasterxml.jackson.core.base.ParserMinimalBase._reportError(ParserMinimalBase.java:825)
	at com.fasterxml.jackson.core.json.UTF8StreamJsonParser._reportInvalidToken(UTF8StreamJsonParser.java:3662)
	at com.fasterxml.jackson.core.json.UTF8StreamJsonParser._reportInvalidToken(UTF8StreamJsonParser.java:3635)
	at com.fasterxml.jackson.core.json.UTF8StreamJsonParser._matchToken2(UTF8StreamJsonParser.java:2976)
	at com.fasterxml.jackson.core.json.UTF8StreamJsonParser._matchTrue(UTF8StreamJsonParser.java:2910)
	at com.fasterxml.jackson.core.json.UTF8StreamJsonParser._nextTokenNotInObject(UTF8StreamJsonParser.java:838)
	at com.fasterxml.jackson.core.json.UTF8StreamJsonParser.nextToken(UTF8StreamJsonParser.java:753)
	at com.fasterxml.jackson.databind.ObjectMapper._initForReading(ObjectMapper.java:5004)
	at com.fasterxml.jackson.databind.ObjectMapper._readMapAndClose(ObjectMapper.java:4910)
	at com.fasterxml.jackson.databind.ObjectMapper.readValue(ObjectMapper.java:3897)
	at util.JsonUtil.getTestdata(JsonUtil.java:19)
	at util.demo.main(demo.java:18)
485  [main] INFO  util.ResourceLoader -- reading resources from location: Vendor-portal/sam.json
485  [main] ERROR util.JsonUtil -- unable to read test data file Vendor-portal/sam.json
java.nio.file.NoSuchFileException: Vendor-portal\sam.json
	at java.base/sun.nio.fs.WindowsException.translateToIOException(WindowsException.java:85)
	at java.base/sun.nio.fs.WindowsException.rethrowAsIOException(WindowsException.java:103)
	at java.base/sun.nio.fs.WindowsException.rethrowAsIOException(WindowsException.java:108)
	at java.base/sun.nio.fs.WindowsFileSystemProvider.newByteChannel(WindowsFileSystemProvider.java:234)
	at java.base/java.nio.file.Files.newByteChannel(Files.java:380)
	at java.base/java.nio.file.Files.newByteChannel(Files.java:432)
	at java.base/java.nio.file.spi.FileSystemProvider.newInputStream(FileSystemProvider.java:420)
	at java.base/java.nio.file.Files.newInputStream(Files.java:160)
	at util.ResourceLoader.getresources(ResourceLoader.java:21)
	at util.JsonUtil.getTestdata(JsonUtil.java:17)
	at util.demo.main(demo.java:18)
480  [main] INFO  util.ResourceLoader -- reading resources from location: test-data/Vendor-portal/sam.json
453  [main] INFO  util.ResourceLoader -- reading resources from location: test-data/Vendor-portal/sam.json
791  [main] INFO  org.testng.internal.Utils -- [TestNG] Running:
  C:\Users\Aisha.Saif\Documents\cucumber projects (1)\selenium project\untitled\src\main\resources\test-suites\FlightReservationTest.xml

2349 [TestNG-tests-2] INFO  i.g.bonigarcia.wdm.WebDriverManager -- Using chromedriver 137.0.7151.70 (resolved driver for Chrome 137)
2349 [TestNG-tests-1] INFO  i.g.bonigarcia.wdm.WebDriverManager -- Using chromedriver 137.0.7151.70 (resolved driver for Chrome 137)
2349 [TestNG-tests-3] INFO  i.g.bonigarcia.wdm.WebDriverManager -- Using chromedriver 137.0.7151.70 (resolved driver for Chrome 137)
2349 [TestNG-tests-4] INFO  i.g.bonigarcia.wdm.WebDriverManager -- Using chromedriver 137.0.7151.70 (resolved driver for Chrome 137)
2378 [TestNG-tests-2] INFO  i.g.bonigarcia.wdm.WebDriverManager -- Exporting webdriver.chrome.driver as C:\Users\Aisha.Saif\.cache\selenium\chromedriver\win64\137.0.7151.70\chromedriver.exe
2379 [TestNG-tests-1] INFO  i.g.bonigarcia.wdm.WebDriverManager -- Exporting webdriver.chrome.driver as C:\Users\Aisha.Saif\.cache\selenium\chromedriver\win64\137.0.7151.70\chromedriver.exe
2379 [TestNG-tests-3] INFO  i.g.bonigarcia.wdm.WebDriverManager -- Exporting webdriver.chrome.driver as C:\Users\Aisha.Saif\.cache\selenium\chromedriver\win64\137.0.7151.70\chromedriver.exe
2379 [TestNG-tests-4] INFO  i.g.bonigarcia.wdm.WebDriverManager -- Exporting webdriver.chrome.driver as C:\Users\Aisha.Saif\.cache\selenium\chromedriver\win64\137.0.7151.70\chromedriver.exe
10938 [TestNG-tests-1] INFO  t.F.FlightReservationTest -- noofpassengers
13548 [TestNG-tests-2] INFO  t.F.FlightReservationTest -- noofpassengers
13564 [TestNG-tests-3] INFO  t.F.FlightReservationTest -- noofpassengers
14085 [TestNG-tests-4] INFO  t.F.FlightReservationTest -- noofpassengers
15020 [TestNG-tests-1] ERROR FlightReservation.AbstractPage -- this is something
17651 [TestNG-tests-4] ERROR FlightReservation.AbstractPage -- this is something
17688 [TestNG-tests-2] ERROR FlightReservation.AbstractPage -- this is something
18171 [TestNG-tests-3] ERROR FlightReservation.AbstractPage -- this is something
667  [main] INFO  org.testng.internal.Utils -- [TestNG] Running:
  C:\Users\Aisha.Saif\AppData\Local\JetBrains\IdeaIC2024.3\temp-testng-customsuite.xml

1943 [main] INFO  i.g.bonigarcia.wdm.WebDriverManager -- Using chromedriver 137.0.7151.70 (resolved driver for Chrome 137)
1970 [main] INFO  i.g.bonigarcia.wdm.WebDriverManager -- Exporting webdriver.chrome.driver as C:\Users\Aisha.Saif\.cache\selenium\chromedriver\win64\137.0.7151.70\chromedriver.exe
668  [main] INFO  org.testng.internal.Utils -- [TestNG] Running:
  C:\Users\Aisha.Saif\AppData\Local\JetBrains\IdeaIC2024.3\temp-testng-customsuite.xml

1113 [main] INFO  i.g.bonigarcia.wdm.WebDriverManager -- Using chromedriver 137.0.7151.70 (resolved driver for Chrome 137)
1137 [main] INFO  i.g.bonigarcia.wdm.WebDriverManager -- Exporting webdriver.chrome.driver as C:\Users\Aisha.Saif\.cache\selenium\chromedriver\win64\137.0.7151.70\chromedriver.exe
1106 [main] INFO  org.testng.internal.Utils -- [TestNG] Running:
  C:\Users\Aisha.Saif\Documents\cucumber projects (1)\selenium project\untitled\src\main\resources\test-suites\FlightReservationTest.xml

1893 [TestNG-tests-2] INFO  i.g.bonigarcia.wdm.WebDriverManager -- Using chromedriver 137.0.7151.70 (resolved driver for Chrome 137)
1893 [TestNG-tests-4] INFO  i.g.bonigarcia.wdm.WebDriverManager -- Using chromedriver 137.0.7151.70 (resolved driver for Chrome 137)
1893 [TestNG-tests-3] INFO  i.g.bonigarcia.wdm.WebDriverManager -- Using chromedriver 137.0.7151.70 (resolved driver for Chrome 137)
1893 [TestNG-tests-1] INFO  i.g.bonigarcia.wdm.WebDriverManager -- Using chromedriver 137.0.7151.70 (resolved driver for Chrome 137)
1936 [TestNG-tests-3] INFO  i.g.bonigarcia.wdm.WebDriverManager -- Exporting webdriver.chrome.driver as C:\Users\Aisha.Saif\.cache\selenium\chromedriver\win64\137.0.7151.70\chromedriver.exe
1936 [TestNG-tests-4] INFO  i.g.bonigarcia.wdm.WebDriverManager -- Exporting webdriver.chrome.driver as C:\Users\Aisha.Saif\.cache\selenium\chromedriver\win64\137.0.7151.70\chromedriver.exe
1936 [TestNG-tests-1] INFO  i.g.bonigarcia.wdm.WebDriverManager -- Exporting webdriver.chrome.driver as C:\Users\Aisha.Saif\.cache\selenium\chromedriver\win64\137.0.7151.70\chromedriver.exe
1936 [TestNG-tests-2] INFO  i.g.bonigarcia.wdm.WebDriverManager -- Exporting webdriver.chrome.driver as C:\Users\Aisha.Saif\.cache\selenium\chromedriver\win64\137.0.7151.70\chromedriver.exe
13007 [TestNG-tests-2] INFO  t.F.FlightReservationTest -- noofpassengers
637  [main] INFO  util.ResourceLoader -- reading resources from location: test-data/Vendor-portal/sam.json
726  [main] INFO  org.testng.internal.Utils -- [TestNG] Running:
  C:\Users\Aisha.Saif\AppData\Local\JetBrains\IdeaIC2024.3\temp-testng-customsuite.xml

1211 [main] INFO  i.g.bonigarcia.wdm.WebDriverManager -- Using chromedriver 137.0.7151.70 (resolved driver for Chrome 137)
1238 [main] INFO  i.g.bonigarcia.wdm.WebDriverManager -- Exporting webdriver.chrome.driver as C:\Users\Aisha.Saif\.cache\selenium\chromedriver\win64\137.0.7151.70\chromedriver.exe
740  [main] INFO  org.testng.internal.Utils -- [TestNG] Running:
  C:\Users\Aisha.Saif\Documents\cucumber projects (1)\selenium project\untitled\src\main\resources\test-suites\Vendor-portal.xml

2418 [TestNG-tests-1] INFO  i.g.bonigarcia.wdm.WebDriverManager -- Using chromedriver 137.0.7151.70 (resolved driver for Chrome 137)
2432 [TestNG-tests-1] INFO  i.g.bonigarcia.wdm.WebDriverManager -- Exporting webdriver.chrome.driver as C:\Users\Aisha.Saif\.cache\selenium\chromedriver\win64\137.0.7151.70\chromedriver.exe
6346 [TestNG-tests-1] INFO  i.g.bonigarcia.wdm.WebDriverManager -- Using chromedriver 137.0.7151.70 (resolved driver for Chrome 137)
6354 [TestNG-tests-1] INFO  i.g.bonigarcia.wdm.WebDriverManager -- Exporting webdriver.chrome.driver as C:\Users\Aisha.Saif\.cache\selenium\chromedriver\win64\137.0.7151.70\chromedriver.exe
9663 [TestNG-tests-1] INFO  i.g.bonigarcia.wdm.WebDriverManager -- Using chromedriver 137.0.7151.70 (resolved driver for Chrome 137)
9669 [TestNG-tests-1] INFO  i.g.bonigarcia.wdm.WebDriverManager -- Exporting webdriver.chrome.driver as C:\Users\Aisha.Saif\.cache\selenium\chromedriver\win64\137.0.7151.70\chromedriver.exe
823  [main] INFO  org.testng.internal.Utils -- [TestNG] Running:
  C:\Users\Aisha.Saif\Documents\cucumber projects (1)\selenium project\untitled\src\main\resources\test-suites\Vendor-portal.xml

1317 [TestNG-tests-1] INFO  i.g.bonigarcia.wdm.WebDriverManager -- Using chromedriver 137.0.7151.70 (resolved driver for Chrome 137)
1337 [TestNG-tests-1] INFO  i.g.bonigarcia.wdm.WebDriverManager -- Exporting webdriver.chrome.driver as C:\Users\Aisha.Saif\.cache\selenium\chromedriver\win64\137.0.7151.70\chromedriver.exe
6019 [TestNG-tests-1] INFO  i.g.bonigarcia.wdm.WebDriverManager -- Using chromedriver 137.0.7151.70 (resolved driver for Chrome 137)
6024 [TestNG-tests-1] INFO  i.g.bonigarcia.wdm.WebDriverManager -- Exporting webdriver.chrome.driver as C:\Users\Aisha.Saif\.cache\selenium\chromedriver\win64\137.0.7151.70\chromedriver.exe
10228 [TestNG-tests-1] INFO  i.g.bonigarcia.wdm.WebDriverManager -- Using chromedriver 137.0.7151.70 (resolved driver for Chrome 137)
10233 [TestNG-tests-1] INFO  i.g.bonigarcia.wdm.WebDriverManager -- Exporting webdriver.chrome.driver as C:\Users\Aisha.Saif\.cache\selenium\chromedriver\win64\137.0.7151.70\chromedriver.exe
714  [main] INFO  org.testng.internal.Utils -- [TestNG] Running:
  C:\Users\Aisha.Saif\Documents\cucumber projects (1)\selenium project\untitled\src\main\resources\test-suites\Vendor-portal.xml

1162 [TestNG-tests-1] INFO  i.g.bonigarcia.wdm.WebDriverManager -- Using chromedriver 137.0.7151.70 (resolved driver for Chrome 137)
1193 [TestNG-tests-1] INFO  i.g.bonigarcia.wdm.WebDriverManager -- Exporting webdriver.chrome.driver as C:\Users\Aisha.Saif\.cache\selenium\chromedriver\win64\137.0.7151.70\chromedriver.exe
5368 [TestNG-tests-1] INFO  i.g.bonigarcia.wdm.WebDriverManager -- Using chromedriver 137.0.7151.70 (resolved driver for Chrome 137)
5380 [TestNG-tests-1] INFO  i.g.bonigarcia.wdm.WebDriverManager -- Exporting webdriver.chrome.driver as C:\Users\Aisha.Saif\.cache\selenium\chromedriver\win64\137.0.7151.70\chromedriver.exe
9524 [TestNG-tests-1] INFO  i.g.bonigarcia.wdm.WebDriverManager -- Using chromedriver 137.0.7151.70 (resolved driver for Chrome 137)
9530 [TestNG-tests-1] INFO  i.g.bonigarcia.wdm.WebDriverManager -- Exporting webdriver.chrome.driver as C:\Users\Aisha.Saif\.cache\selenium\chromedriver\win64\137.0.7151.70\chromedriver.exe
652  [main] INFO  org.testng.internal.Utils -- [TestNG] Running:
  C:\Users\Aisha.Saif\AppData\Local\JetBrains\IdeaIC2024.3\temp-testng-customsuite.xml

1063 [main] INFO  i.g.bonigarcia.wdm.WebDriverManager -- Using chromedriver 137.0.7151.70 (resolved driver for Chrome 137)
1085 [main] INFO  i.g.bonigarcia.wdm.WebDriverManager -- Exporting webdriver.chrome.driver as C:\Users\Aisha.Saif\.cache\selenium\chromedriver\win64\137.0.7151.70\chromedriver.exe
731  [main] INFO  org.testng.internal.Utils -- [TestNG] Running:
  C:\Users\Aisha.Saif\AppData\Local\JetBrains\IdeaIC2024.3\temp-testng-customsuite.xml

1163 [main] INFO  i.g.bonigarcia.wdm.WebDriverManager -- Using chromedriver 137.0.7151.70 (resolved driver for Chrome 137)
1175 [main] INFO  i.g.bonigarcia.wdm.WebDriverManager -- Exporting webdriver.chrome.driver as C:\Users\Aisha.Saif\.cache\selenium\chromedriver\win64\137.0.7151.70\chromedriver.exe
684  [main] INFO  org.testng.internal.Utils -- [TestNG] Running:
  C:\Users\Aisha.Saif\Documents\cucumber projects (1)\selenium project\untitled\src\main\resources\test-suites\Vendor-portal.xml

1173 [TestNG-tests-1] INFO  i.g.bonigarcia.wdm.WebDriverManager -- Using chromedriver 137.0.7151.70 (resolved driver for Chrome 137)
1190 [TestNG-tests-1] INFO  i.g.bonigarcia.wdm.WebDriverManager -- Exporting webdriver.chrome.driver as C:\Users\Aisha.Saif\.cache\selenium\chromedriver\win64\137.0.7151.70\chromedriver.exe
2613 [TestNG-tests-1] INFO  i.g.bonigarcia.wdm.WebDriverManager -- Using chromedriver 137.0.7151.70 (resolved driver for Chrome 137)
2620 [TestNG-tests-1] INFO  i.g.bonigarcia.wdm.WebDriverManager -- Exporting webdriver.chrome.driver as C:\Users\Aisha.Saif\.cache\selenium\chromedriver\win64\137.0.7151.70\chromedriver.exe
6131 [TestNG-tests-1] INFO  i.g.bonigarcia.wdm.WebDriverManager -- Using chromedriver 137.0.7151.70 (resolved driver for Chrome 137)
6131 [TestNG-tests-1] INFO  i.g.bonigarcia.wdm.WebDriverManager -- Exporting webdriver.chrome.driver as C:\Users\Aisha.Saif\.cache\selenium\chromedriver\win64\137.0.7151.70\chromedriver.exe
679  [main] INFO  org.testng.internal.Utils -- [TestNG] Running:
  C:\Users\Aisha.Saif\Documents\cucumber projects (1)\selenium project\untitled\src\main\resources\test-suites\Vendor-portal.xml

1199 [TestNG-tests-1] INFO  i.g.bonigarcia.wdm.WebDriverManager -- Using chromedriver 137.0.7151.70 (resolved driver for Chrome 137)
1243 [TestNG-tests-1] INFO  i.g.bonigarcia.wdm.WebDriverManager -- Exporting webdriver.chrome.driver as C:\Users\Aisha.Saif\.cache\selenium\chromedriver\win64\137.0.7151.70\chromedriver.exe
731  [main] INFO  org.testng.internal.Utils -- [TestNG] Running:
  C:\Users\Aisha.Saif\Documents\cucumber projects (1)\selenium project\untitled\src\main\resources\test-suites\Vendor-portal.xml

1206 [TestNG-tests-1] INFO  i.g.bonigarcia.wdm.WebDriverManager -- Using chromedriver 137.0.7151.70 (resolved driver for Chrome 137)
1228 [TestNG-tests-1] INFO  i.g.bonigarcia.wdm.WebDriverManager -- Exporting webdriver.chrome.driver as C:\Users\Aisha.Saif\.cache\selenium\chromedriver\win64\137.0.7151.70\chromedriver.exe
725  [main] INFO  org.testng.internal.Utils -- [TestNG] Running:
  C:\Users\Aisha.Saif\Documents\cucumber projects (1)\selenium project\untitled\src\main\resources\test-suites\Vendor-portal.xml

1198 [TestNG-tests-1] INFO  i.g.bonigarcia.wdm.WebDriverManager -- Using chromedriver 137.0.7151.70 (resolved driver for Chrome 137)
1222 [TestNG-tests-1] INFO  i.g.bonigarcia.wdm.WebDriverManager -- Exporting webdriver.chrome.driver as C:\Users\Aisha.Saif\.cache\selenium\chromedriver\win64\137.0.7151.70\chromedriver.exe
2595 [TestNG-tests-1] INFO  util.ResourceLoader -- reading resources from location: test-data/Vendor-portal/sam.json
5258 [TestNG-tests-1] INFO  tests.Abstarcttest -- sam
7923 [TestNG-tests-1] INFO  FlightReservation.AbstractPage -- Results count: 8
723  [main] INFO  org.testng.internal.Utils -- [TestNG] Running:
  C:\Users\Aisha.Saif\Documents\cucumber projects (1)\selenium project\untitled\src\main\resources\test-suites\Vendor-portal.xml

1241 [TestNG-tests-1] INFO  i.g.bonigarcia.wdm.WebDriverManager -- Using chromedriver 137.0.7151.70 (resolved driver for Chrome 137)
1241 [TestNG-tests-2] INFO  i.g.bonigarcia.wdm.WebDriverManager -- Using chromedriver 137.0.7151.70 (resolved driver for Chrome 137)
1241 [TestNG-tests-3] INFO  i.g.bonigarcia.wdm.WebDriverManager -- Using chromedriver 137.0.7151.70 (resolved driver for Chrome 137)
1265 [TestNG-tests-2] INFO  i.g.bonigarcia.wdm.WebDriverManager -- Exporting webdriver.chrome.driver as C:\Users\Aisha.Saif\.cache\selenium\chromedriver\win64\137.0.7151.70\chromedriver.exe
1265 [TestNG-tests-1] INFO  i.g.bonigarcia.wdm.WebDriverManager -- Exporting webdriver.chrome.driver as C:\Users\Aisha.Saif\.cache\selenium\chromedriver\win64\137.0.7151.70\chromedriver.exe
1265 [TestNG-tests-3] INFO  i.g.bonigarcia.wdm.WebDriverManager -- Exporting webdriver.chrome.driver as C:\Users\Aisha.Saif\.cache\selenium\chromedriver\win64\137.0.7151.70\chromedriver.exe
3427 [TestNG-tests-2] INFO  util.ResourceLoader -- reading resources from location: test-data/Vendor-portal/mike.json
3427 [TestNG-tests-1] INFO  util.ResourceLoader -- reading resources from location: test-data/Vendor-portal/sam.json
3427 [TestNG-tests-3] INFO  util.ResourceLoader -- reading resources from location: test-data/Vendor-portal/john.json
6101 [TestNG-tests-1] INFO  tests.Abstarcttest -- sam
6104 [TestNG-tests-3] INFO  tests.Abstarcttest -- john
6111 [TestNG-tests-2] INFO  tests.Abstarcttest -- mike
9123 [TestNG-tests-1] INFO  FlightReservation.AbstractPage -- Results count: 8
9126 [TestNG-tests-3] INFO  FlightReservation.AbstractPage -- Results count: 0
680  [main] INFO  org.testng.internal.Utils -- [TestNG] Running:
  C:\Users\Aisha.Saif\Documents\cucumber projects (1)\selenium project\untitled\src\main\resources\test-suites\Vendor-portal.xml

1226 [TestNG-tests-2] INFO  i.g.bonigarcia.wdm.WebDriverManager -- Using chromedriver 137.0.7151.70 (resolved driver for Chrome 137)
1226 [TestNG-tests-3] INFO  i.g.bonigarcia.wdm.WebDriverManager -- Using chromedriver 137.0.7151.70 (resolved driver for Chrome 137)
1226 [TestNG-tests-1] INFO  i.g.bonigarcia.wdm.WebDriverManager -- Using chromedriver 137.0.7151.70 (resolved driver for Chrome 137)
1254 [TestNG-tests-2] INFO  i.g.bonigarcia.wdm.WebDriverManager -- Exporting webdriver.chrome.driver as C:\Users\Aisha.Saif\.cache\selenium\chromedriver\win64\137.0.7151.70\chromedriver.exe
1254 [TestNG-tests-3] INFO  i.g.bonigarcia.wdm.WebDriverManager -- Exporting webdriver.chrome.driver as C:\Users\Aisha.Saif\.cache\selenium\chromedriver\win64\137.0.7151.70\chromedriver.exe
1254 [TestNG-tests-1] INFO  i.g.bonigarcia.wdm.WebDriverManager -- Exporting webdriver.chrome.driver as C:\Users\Aisha.Saif\.cache\selenium\chromedriver\win64\137.0.7151.70\chromedriver.exe
3295 [TestNG-tests-1] INFO  util.ResourceLoader -- reading resources from location: test-data/Vendor-portal/sam.json
3295 [TestNG-tests-2] INFO  util.ResourceLoader -- reading resources from location: test-data/Vendor-portal/mike.json
3295 [TestNG-tests-3] INFO  util.ResourceLoader -- reading resources from location: test-data/Vendor-portal/john.json
5715 [TestNG-tests-1] INFO  tests.Abstarcttest -- sam
5744 [TestNG-tests-2] INFO  tests.Abstarcttest -- mike
5756 [TestNG-tests-3] INFO  tests.Abstarcttest -- john
8301 [TestNG-tests-2] INFO  FlightReservation.AbstractPage -- Results count: 10
8792 [TestNG-tests-1] INFO  FlightReservation.AbstractPage -- Results count: 8
9200 [TestNG-tests-3] INFO  FlightReservation.AbstractPage -- Results count: 0
